 projection (<compiled expr>) 
   dummy scan                 
                              