 projection (1) 
   dummy scan   
                