 projection (:push 1 :ret) in=0 out=0           
   filter :push 1 :push 2 :call :ret in=1 out=0 
     dummy scan in=0 out=1                      
                                                