 projection (integers.id, #15(integers.i, 1)) in=2 out=2 
   filter #6(integers.i, 2) in=4 out=2                   
     scan integers (id, i) in=0 out=4                    
                                                         