 cross join    
   scan t (id) 
   scan t (id) 
               